SELECT ccd.contest_id AS contest, 
        ccd.choice AS candidate, 
        count(ccic.cvr_contest_info_id) as votes
    FROM contest_choice_description AS ccd 
        LEFT JOIN ((contest AS c 
            LEFT JOIN cvr_contest_info AS cci
                ON c.id = cci.contest_id)
        LEFT JOIN 
            cvr_contest_info_choice as ccic 
            ON ccic.cvr_contest_info_id = cci.id)
            ON ccd.contest_id = c.id 
        AND ccd.choice = ccic.choice
    GROUP BY contest, candidate
    ORDER BY contest, candidate
;
 contest |   candidate    | votes 
---------+----------------+-------
     204 | Clear Winner   |   123
     204 | Distant Loser  |    14
     205 | Janet Lee Cook |    27
     205 | Jeff Baker     |    12
     206 | NO             |    31
     206 | YES            |    30
(6 rows)

